INFO - This is Biber 2.21
INFO - Logfile is 'main.blg'
INFO - Reading 'main.bcf'
INFO - Found 12 citekeys in bib section 0
INFO - Processing section 0
INFO - Looking for bibtex file 'references.bib' for section 0
INFO - LaTeX decoding ...
INFO - Found BibTeX data source 'references.bib'
INFO - Overriding locale 'el-GR' defaults 'variable = shifted' with 'variable = non-ignorable'
INFO - Overriding locale 'el-GR' defaults 'normalization = NFD' with 'normalization = prenormalized'
INFO - Sorting list 'none/global//global/global/global' of type 'entry' with template 'none' and locale 'el-GR'
INFO - No sort tailoring available for locale 'el-GR'
INFO - Writing 'main.bbl' with encoding 'UTF-8'
INFO - Output to main.bbl
biber.exe : biber: major issue: So far, you have not checked for MiKTeX updates.
At line:4 char:1
+ & "$mik\biber.exe" main > biber.log 2>&1
+ ~~~~~~~~~~~~~~~~~~~~~~~~~~~~~~~~~~~~~~~~
    + CategoryInfo          : NotSpecified: (biber: major is...MiKTeX updates.:String) [], RemoteExc 
   eption
    + FullyQualifiedErrorId : NativeCommandError
 
