\BOOKMARK [0][-]{chapter*.1}{\376\377\003\240\003\301\003\314\003\273\003\277\003\263\003\277\003\302\000\040\003\272\003\261\003\271\000\040\003\265\003\305\003\307\003\261\003\301\003\271\003\303\003\304\003\257\003\265\003\302}{}% 1
\BOOKMARK [0][-]{chapter*.5}{\376\377\003\221\003\272\003\301\003\311\003\275\003\315\003\274\003\271\003\261}{}% 2
\BOOKMARK [0][-]{chapter*.6}{\376\377\003\240\003\265\003\301\003\257\003\273\003\267\003\310\003\267}{}% 3
\BOOKMARK [0][-]{chapter*.7}{\376\377\000A\000b\000s\000t\000r\000a\000c\000t}{}% 4
\BOOKMARK [0][-]{chapter.1}{\376\377\003\225\003\271\003\303\003\261\003\263\003\311\003\263\003\256}{}% 5
\BOOKMARK [1][-]{section.1.1}{\376\377\003\244\003\277\000\040\003\300\003\273\003\261\003\257\003\303\003\271\003\277\000:\000\040\003\237\003\273\003\277\003\272\003\273\003\267\003\301\003\311\003\274\003\255\003\275\003\261\000\040\003\224\003\277\003\301\003\305\003\306\003\277\003\301\003\271\003\272\003\254\000-\003\225\003\300\003\257\003\263\003\265\003\271\003\261\000\040\003\224\003\257\003\272\003\304\003\305\003\261\000\040\003\303\003\304\003\267\003\275\000\040\003\265\003\300\003\277\003\307\003\256\000\040\003\304\003\277\003\305\000\040\0006\000G}{chapter.1}% 6
\BOOKMARK [1][-]{section.1.2}{\376\377\003\221\003\275\003\304\003\271\003\272\003\265\003\257\003\274\003\265\003\275\003\277\000\040\003\264\003\271\003\300\003\273\003\311\003\274\003\261\003\304\003\271\003\272\003\256\003\302}{chapter.1}% 7
\BOOKMARK [2][-]{subsection.1.2.1}{\376\377\003\225\003\301\003\265\003\305\003\275\003\267\003\304\003\271\003\272\003\254\000\040\003\265\003\301\003\311\003\304\003\256\003\274\003\261\003\304\003\261}{section.1.2}% 8
\BOOKMARK [1][-]{section.1.3}{\376\377\003\243\003\305\003\275\003\265\003\271\003\303\003\306\003\277\003\301\003\254}{chapter.1}% 9
\BOOKMARK [1][-]{section.1.4}{\376\377\003\224\003\277\003\274\003\256\000\040\003\304\003\267\003\302\000\040\003\264\003\271\003\300\003\273\003\311\003\274\003\261\003\304\003\271\003\272\003\256\003\302}{chapter.1}% 10
\BOOKMARK [0][-]{chapter.2}{\376\377\003\230\003\265\003\311\003\301\003\267\003\304\003\271\003\272\003\314\000\040\003\245\003\300\003\314\003\262\003\261\003\270\003\301\003\277\000\040\003\272\003\261\003\271\000\040\003\243\003\307\003\265\003\304\003\271\003\272\003\256\000\040\003\222\003\271\003\262\003\273\003\271\003\277\003\263\003\301\003\261\003\306\003\257\003\261}{}% 11
\BOOKMARK [1][-]{section.2.1}{\376\377\003\221\003\300\003\314\000\040\003\304\003\277\000\040\0005\000G\000\040\000N\000T\000N\000\040\003\303\003\304\003\267\003\275\000\040\003\265\003\275\003\277\003\300\003\277\003\257\003\267\003\303\003\267\000\040\000T\000N\000-\000N\000T\000N\000\040\003\303\003\304\003\277\000\040\0006\000G}{chapter.2}% 12
\BOOKMARK [1][-]{section.2.2}{\376\377\003\240\003\277\003\273\003\305\003\303\003\305\003\275\003\264\003\265\003\303\003\271\003\274\003\314\003\304\003\267\003\304\003\261\000\040\003\303\003\265\000\040\003\237\003\273\003\277\003\272\003\273\003\267\003\301\003\311\003\274\003\255\003\275\003\261\000\040\003\224\003\277\003\301\003\305\003\306\003\277\003\301\003\271\003\272\003\254\000-\003\225\003\300\003\257\003\263\003\265\003\271\003\261\000\040\003\224\003\257\003\272\003\304\003\305\003\261}{chapter.2}% 13
\BOOKMARK [2][-]{subsection.2.2.1}{\376\377\003\221\003\301\003\307\003\271\003\304\003\265\003\272\003\304\003\277\003\275\003\271\003\272\003\255\003\302\000\040\003\261\003\275\003\254\003\300\003\304\003\305\003\276\003\267\003\302}{section.2.2}% 14
\BOOKMARK [2][-]{subsection.2.2.2}{\376\377\003\240\003\301\003\277\003\272\003\273\003\256\003\303\003\265\003\271\003\302\000\040\003\303\003\307\003\265\003\264\003\257\003\261\003\303\003\267\003\302\000\040\003\303\003\265\000\040\003\265\003\300\003\257\003\300\003\265\003\264\003\277\000\040\003\303\003\305\003\303\003\304\003\256\003\274\003\261\003\304\003\277\003\302}{section.2.2}% 15
\BOOKMARK [1][-]{section.2.3}{\376\377\003\230\003\255\003\303\003\267\000\040\003\304\003\267\003\302\000\040\003\300\003\261\003\301\003\277\003\315\003\303\003\261\003\302\000\040\003\265\003\301\003\263\003\261\003\303\003\257\003\261\003\302}{chapter.2}% 16
\BOOKMARK [1][-]{section.2.4}{\376\377\003\234\003\277\003\275\003\304\003\255\003\273\003\261\000\040\003\264\003\271\003\254\003\264\003\277\003\303\003\267\003\302\000\040\003\272\003\261\003\275\003\261\003\273\003\271\003\277\003\315\000\040\0003\000G\000P\000P\000\040\000T\000R\000\040\0003\0008\000.\0009\0000\0001}{chapter.2}% 17
\BOOKMARK [1][-]{section.2.5}{\376\377\003\225\003\275\003\265\003\301\003\263\003\265\003\271\003\261\003\272\003\256\000\040\003\274\003\277\003\275\003\304\003\265\003\273\003\277\003\300\003\277\003\257\003\267\003\303\003\267\000\040\003\303\003\304\003\261\003\270\003\274\003\316\003\275\000\040\003\262\003\254\003\303\003\267\003\302}{chapter.2}% 18
\BOOKMARK [1][-]{section.2.6}{\376\377\003\234\003\267\003\307\003\261\003\275\003\271\003\272\003\256\000\040\003\274\003\254\003\270\003\267\003\303\003\267\000\040\003\263\003\271\003\261\000\040\003\264\003\271\003\261\003\307\003\265\003\257\003\301\003\271\003\303\003\267\000\040\003\303\003\305\003\275\003\264\003\265\003\303\003\271\003\274\003\314\003\304\003\267\003\304\003\261\003\302}{chapter.2}% 19
\BOOKMARK [0][-]{chapter.3}{\376\377\003\234\003\265\003\270\003\277\003\264\003\277\003\273\003\277\003\263\003\257\003\261\000\040\000-\000\040\003\234\003\277\003\275\003\304\003\255\003\273\003\277\000\040\003\240\003\301\003\277\003\303\003\277\003\274\003\277\003\257\003\311\003\303\003\267\003\302}{}% 20
\BOOKMARK [1][-]{section.3.1}{\376\377\003\225\003\300\003\271\003\303\003\272\003\314\003\300\003\267\003\303\003\267}{chapter.3}% 21
\BOOKMARK [1][-]{section.3.2}{\376\377\003\234\003\277\003\275\003\304\003\255\003\273\003\277\000\040\003\265\003\300\003\257\003\263\003\265\003\271\003\277\003\305\000\040\003\272\003\261\003\275\003\261\003\273\003\271\003\277\003\315}{chapter.3}% 22
\BOOKMARK [2][-]{subsection.3.2.1}{\376\377\003\243\003\304\003\277\003\307\003\261\003\303\003\304\003\271\003\272\003\256\000\040\003\265\003\300\003\271\003\273\003\277\003\263\003\256\000\040\000L\000O\000S\000/\000N\000L\000O\000S}{section.3.2}% 23
\BOOKMARK [2][-]{subsection.3.2.2}{\376\377\000P\000a\000t\000h\000\040\000l\000o\000s\000s\000\040\003\272\003\261\003\271\000\040\000s\000h\000a\000d\000o\000w\000\040\000f\000a\000d\000i\000n\000g}{section.3.2}% 24
\BOOKMARK [2][-]{subsection.3.2.3}{\376\377\000S\000N\000R}{section.3.2}% 25
\BOOKMARK [1][-]{section.3.3}{\376\377\003\234\003\277\003\275\003\304\003\255\003\273\003\277\000\040\003\264\003\277\003\301\003\305\003\306\003\277\003\301\003\271\003\272\003\277\003\315\000\040\003\272\003\261\003\275\003\261\003\273\003\271\003\277\003\315}{chapter.3}% 26
\BOOKMARK [1][-]{section.3.4}{\376\377\003\225\003\300\003\271\003\273\003\277\003\263\003\256\000\040\003\272\003\314\003\274\003\262\003\277\003\305\000\040\003\265\003\276\003\305\003\300\003\267\003\301\003\255\003\304\003\267\003\303\003\267\003\302}{chapter.3}% 27
\BOOKMARK [1][-]{section.3.5}{\376\377\003\232\003\261\003\304\003\261\003\275\003\277\003\274\003\256\000\040\003\265\003\315\003\301\003\277\003\305\003\302\000\040\003\266\003\316\003\275\003\267\003\302\000\040\003\272\003\261\003\271\000\040\003\307\003\311\003\301\003\267\003\304\003\271\003\272\003\314\003\304\003\267\003\304\003\261}{chapter.3}% 28
\BOOKMARK [1][-]{section.3.6}{\376\377\003\225\003\275\003\265\003\301\003\263\003\265\003\271\003\261\003\272\003\314\000\040\003\274\003\277\003\275\003\304\003\255\003\273\003\277\000\040\003\272\003\261\003\271\000\040\003\265\003\275\003\255\003\301\003\263\003\265\003\271\003\261\000\040\003\261\003\275\003\254\000\040\000b\000i\000t}{chapter.3}% 29
\BOOKMARK [1][-]{section.3.7}{\376\377\003\234\003\277\003\275\003\304\003\255\003\273\003\277\000\040\003\272\003\257\003\275\003\267\003\303\003\267\003\302\000\040\003\264\003\277\003\301\003\305\003\306\003\314\003\301\003\277\003\305\000\040\000L\000E\000O\000\040\003\263\003\271\003\261\000\040\003\304\003\267\000\040\003\307\003\301\003\277\003\275\003\271\003\272\003\256\000\040\003\300\003\301\003\277\003\303\003\277\003\274\003\277\003\257\003\311\003\303\003\267}{chapter.3}% 30
\BOOKMARK [2][-]{subsection.3.7.1}{\376\377\003\244\003\261\003\307\003\315\003\304\003\267\003\304\003\261\000\040\003\257\003\307\003\275\003\277\003\305\003\302\000\040\003\265\003\264\003\254\003\306\003\277\003\305\003\302}{section.3.7}% 31
\BOOKMARK [2][-]{subsection.3.7.2}{\376\377\003\212\003\307\003\275\003\277\003\302\000\040\003\265\003\264\003\254\003\306\003\277\003\305\003\302\000\040\003\272\003\261\003\271\000\040\003\307\003\301\003\277\003\275\003\271\003\272\003\314\003\302\000\040\003\262\003\301\003\314\003\307\003\277\003\302\000\040\003\300\003\301\003\277\003\303\003\277\003\274\003\277\003\257\003\311\003\303\003\267\003\302}{section.3.7}% 32
\BOOKMARK [1][-]{section.3.8}{\376\377\000M\000o\000n\000t\000e\000\040\000C\000a\000r\000l\000o\000\040\000g\000e\000n\000e\000r\000a\000t\000o\000r\000\040\003\304\003\305\003\307\003\261\003\271\003\277\003\300\003\277\003\271\003\267\003\274\003\255\003\275\003\311\003\275\000\040\003\304\003\277\003\300\003\277\003\273\003\277\003\263\003\271\003\316\003\275}{chapter.3}% 33
\BOOKMARK [1][-]{section.3.9}{\376\377\000P\000i\000p\000e\000l\000i\000n\000e\000\040\003\274\003\267\003\307\003\261\003\275\003\271\003\272\003\256\003\302\000\040\003\274\003\254\003\270\003\267\003\303\003\267\003\302\000\040\000\050\003\300\003\301\003\316\003\304\003\267\000\040\003\300\003\301\003\277\003\303\003\255\003\263\003\263\003\271\003\303\003\267\000\051}{chapter.3}% 34
\BOOKMARK [0][-]{chapter.4}{\376\377\003\245\003\273\003\277\003\300\003\277\003\257\003\267\003\303\003\267}{}% 35
\BOOKMARK [1][-]{section.4.1}{\376\377\003\225\003\301\003\263\003\261\003\273\003\265\003\257\003\261\000\040\003\272\003\261\003\271\000\040\003\304\003\265\003\307\003\275\003\277\003\273\003\277\003\263\003\257\003\265\003\302}{chapter.4}% 36
\BOOKMARK [1][-]{section.4.2}{\376\377\003\224\003\277\003\274\003\256\000\040\003\273\003\277\003\263\003\271\003\303\003\274\003\271\003\272\003\277\003\315}{chapter.4}% 37
\BOOKMARK [1][-]{section.4.3}{\376\377\003\241\003\277\003\256\000\040\003\264\003\265\003\264\003\277\003\274\003\255\003\275\003\311\003\275}{chapter.4}% 38
\BOOKMARK [1][-]{section.4.4}{\376\377\003\221\003\275\003\261\003\300\003\261\003\301\003\261\003\263\003\311\003\263\003\271\003\274\003\314\003\304\003\267\003\304\003\261}{chapter.4}% 39
\BOOKMARK [0][-]{chapter.5}{\376\377\003\221\003\300\003\277\003\304\003\265\003\273\003\255\003\303\003\274\003\261\003\304\003\261}{}% 40
\BOOKMARK [1][-]{section.5.1}{\376\377\003\243\003\304\003\261\003\304\003\271\003\272\003\314\000\040\003\303\003\265\003\275\003\254\003\301\003\271\003\277\000\040\003\261\003\275\003\261\003\306\003\277\003\301\003\254\003\302}{chapter.5}% 41
\BOOKMARK [1][-]{section.5.2}{\376\377\003\243\003\304\003\261\003\304\003\271\003\303\003\304\003\271\003\272\003\256\000\040\003\261\003\275\003\254\003\273\003\305\003\303\003\267\000\040\000K\000P\000I\000\040\000\050\0005\0000\0000\000\040\003\265\003\300\003\261\003\275\003\261\003\273\003\261\003\274\003\262\003\261\003\275\003\314\003\274\003\265\003\275\003\261\000\040\000r\000u\000n\000s\000\051}{chapter.5}% 42
\BOOKMARK [1][-]{section.5.3}{\376\377\003\247\003\301\003\277\003\275\003\271\003\272\003\256\000\040\003\265\003\276\003\255\003\273\003\271\003\276\003\267\000\040\003\300\003\254\003\303\003\303\003\277\003\305\000\040\000L\000E\000O}{chapter.5}% 43
\BOOKMARK [2][-]{subsection.5.3.1}{\376\377\000H\000a\000n\000d\000o\000v\000e\000r\000s}{section.5.3}% 44
\BOOKMARK [2][-]{subsection.5.3.2}{\376\377\003\221\003\300\003\277\003\305\003\303\003\257\003\261\000\040\003\272\003\261\003\304\003\254\003\303\003\304\003\261\003\303\003\267\003\302\000\040\000o\000u\000t\000a\000g\000e}{section.5.3}% 45
\BOOKMARK [1][-]{section.5.4}{\376\377\003\221\003\300\003\277\003\304\003\265\003\273\003\255\003\303\003\274\003\261\003\304\003\261\000\040\003\300\003\301\003\316\003\304\003\277\003\305\000\040\003\274\003\277\003\275\003\304\003\255\003\273\003\277\003\305\000\040\003\274\003\267\003\307\003\261\003\275\003\271\003\272\003\256\003\302\000\040\003\274\003\254\003\270\003\267\003\303\003\267\003\302}{chapter.5}% 46
\BOOKMARK [0][-]{chapter.6}{\376\377\003\243\003\305\003\266\003\256\003\304\003\267\003\303\003\267\000,\000\040\003\240\003\265\003\301\003\271\003\277\003\301\003\271\003\303\003\274\003\277\003\257\000\040\003\272\003\261\003\271\000\040\003\234\003\265\003\273\003\273\003\277\003\275\003\304\003\271\003\272\003\256\000\040\003\225\003\301\003\263\003\261\003\303\003\257\003\261}{}% 47
\BOOKMARK [1][-]{section.6.1}{\376\377\003\243\003\315\003\275\003\277\003\310\003\267\000\040\003\265\003\305\003\301\003\267\003\274\003\254\003\304\003\311\003\275}{chapter.6}% 48
\BOOKMARK [1][-]{section.6.2}{\376\377\003\240\003\265\003\301\003\271\003\277\003\301\003\271\003\303\003\274\003\277\003\257\000\040\003\304\003\277\003\305\000\040\003\304\003\301\003\255\003\307\003\277\003\275\003\304\003\277\003\302\000\040\003\274\003\277\003\275\003\304\003\255\003\273\003\277\003\305}{chapter.6}% 49
\BOOKMARK [1][-]{section.6.3}{\376\377\003\234\003\265\003\273\003\273\003\277\003\275\003\304\003\271\003\272\003\256\000\040\003\265\003\301\003\263\003\261\003\303\003\257\003\261}{chapter.6}% 50
\BOOKMARK [0][-]{chapter.7}{\376\377\003\243\003\305\003\274\003\300\003\265\003\301\003\254\003\303\003\274\003\261\003\304\003\261}{}% 51
\BOOKMARK [0][-]{chapter*.19}{\376\377\003\222\003\271\003\262\003\273\003\271\003\277\003\263\003\301\003\261\003\306\003\257\003\261}{}% 52
\BOOKMARK [0][-]{appendix.Alph1}{\376\377\003\225\003\300\003\271\003\273\003\265\003\263\003\274\003\255\003\275\003\261\000\040\003\244\003\274\003\256\003\274\003\261\003\304\003\261\000\040\003\232\003\316\003\264\003\271\003\272\003\261}{}% 53
\BOOKMARK [1][-]{section.Alph1.1}{\376\377\003\240\003\305\003\301\003\256\003\275\003\261\003\302\000\040\003\265\003\300\003\271\003\273\003\277\003\263\003\256\003\302\000\040\003\272\003\314\003\274\003\262\003\277\003\305\000\040\000\050\000s\000i\000m\000u\000l\000a\000t\000e\000S\000c\000e\000n\000a\000r\000i\000o\000.\000m\000\051}{appendix.Alph1}% 54
\BOOKMARK [1][-]{section.Alph1.2}{\376\377\003\234\003\277\003\275\003\304\003\255\003\273\003\277\000\040\003\272\003\257\003\275\003\267\003\303\003\267\003\302\000\040\000L\000E\000O\000\040\000\050\000t\000e\000m\000p\000o\000r\000a\000l\000P\000a\000s\000s\000S\000i\000m\000u\000l\000a\000t\000i\000o\000n\000.\000m\000\051}{appendix.Alph1}% 55
\BOOKMARK [1][-]{section.Alph1.3}{\376\377\003\247\003\261\003\301\003\261\003\272\003\304\003\267\003\301\003\271\003\303\003\304\003\271\003\272\003\254\000\040\003\272\003\261\003\271\000\040\003\300\003\301\003\277\003\265\003\300\003\265\003\276\003\265\003\301\003\263\003\261\003\303\003\257\003\261\000\040\003\274\003\277\003\275\003\304\003\255\003\273\003\277\003\305\000\040\003\274\003\267\003\307\003\261\003\275\003\271\003\272\003\256\003\302\000\040\003\274\003\254\003\270\003\267\003\303\003\267\003\302\000\040\000\050\000t\000r\000a\000i\000n\000\137\000m\000o\000d\000e\000l\000.\000p\000y\000\051}{appendix.Alph1}% 56
